[36mvite v8.0.0 [32mbuilding client environment for production...[36m[39m
[2K
transforming...Γ£ô 2670 modules transformed.
rendering chunks...
computing gzip size...
dist/index.html                     2.59 kB Γöé gzip:   0.94 kB
dist/assets/index-BVQ7t9Wt.css      8.65 kB Γöé gzip:   2.45 kB
dist/assets/index-6ENvoGHr.js   1,627.80 kB Γöé gzip: 509.62 kB

[32mΓ£ô built in 937ms[39m
